**
** Daten aus Datei: tests/alle_eigene_frequenz.txt
**

Senderpositionen (X,Y) und Senderradien:
S01:   1.000,   1.000,   5.000
S02:   2.000,   2.000,   5.000
S03:   3.000,   3.000,   5.000
S04:   3.000,   1.000,   5.000
S05:   1.000,   3.000,   5.000
S06:   2.000,   1.000,   5.000
S07:   1.000,   2.000,   5.000
S08:   2.000,   3.000,   5.000
S09:   3.000,   2.000,   5.000

Frequenzzuordnung:
S01->1
S07->2
S05->3
S06->4
S02->5
S08->6
S04->7
S09->8
S03->9
Anzahl benoetiger Frequenzen: 9
 Frequenz | Sender
=======================================================================================
    1     |  S01  
    2     |  S07  
    3     |  S05  
    4     |  S06  
    5     |  S02  
    6     |  S08  
    7     |  S04  
    8     |  S09  
    9     |  S03  
