**
** Daten aus Datei: tests/random_100.txt
**

Senderpositionen (X,Y) und Senderradien:
S01: 349.000,  81.000,  76.000
S02: 331.000, 333.000,  27.000
S03: 246.000, 305.000,  31.000
S04: 183.000, 176.000,  35.000
S05:   5.000, 127.000,  76.000
S06: 297.000,  96.000,  67.000
S07: 129.000,  51.000,  15.000
S08: 279.000,  29.000,  64.000
S09: 192.000,  36.000,  35.000
S10: 249.000,  21.000,  53.000
S11: 213.000, 384.000,  92.000
S12: 221.000, 106.000,  84.000
S13: 287.000, 345.000,  44.000
S14: 106.000, 213.000,  63.000
S15:  41.000,  85.000,  91.000
S16:  65.000, 197.000,  19.000
S17:  77.000,  43.000,  73.000
S18:  72.000,  59.000,  17.000
S19: 301.000, 380.000,  36.000
S20: 187.000, 290.000,  65.000
S21:  34.000, 164.000,  52.000
S22: 260.000, 329.000,  34.000
S23: 301.000, 394.000,  66.000
S24:  63.000,  26.000,  39.000
S25:  22.000,  31.000,  25.000
S26: 385.000, 114.000,  96.000
S27: 398.000, 334.000,  95.000
S28: 241.000, 101.000,  19.000
S29: 198.000, 221.000,  21.000
S30:  80.000, 251.000,  63.000
S31:  80.000,  42.000,  26.000
S32: 123.000, 335.000,  79.000
S33: 119.000, 342.000,  53.000
S34: 252.000,  59.000,  28.000
S35:  60.000,  21.000,  95.000
S36: 198.000, 248.000,  27.000
S37:  47.000,  17.000,   2.000
S38:  33.000, 347.000,  26.000
S39: 266.000, 379.000,  55.000
S40:  31.000, 136.000,   7.000
S41:   7.000, 226.000,   3.000
S42: 330.000,  97.000,  23.000
S43:  66.000,  84.000,  96.000
S44: 314.000,  24.000,  11.000
S45: 389.000,  77.000,  48.000
S46: 308.000, 341.000,  37.000
S47: 392.000, 146.000,  73.000
S48: 259.000, 105.000,  57.000
S49: 382.000, 342.000,  75.000
S50: 390.000, 139.000,  78.000
S51: 183.000, 171.000,  56.000
S52:  32.000, 273.000,  17.000
S53: 312.000, 159.000,  21.000
S54: 161.000, 220.000,   5.000
S55: 206.000, 216.000,  60.000
S56:  53.000, 365.000,   9.000
S57: 288.000, 167.000,  30.000
S58:  51.000,  33.000,  29.000
S59:  63.000, 183.000,  24.000
S60: 119.000,  36.000,  41.000
S61: 371.000, 141.000,  87.000
S62:  36.000,  89.000,  43.000
S63: 230.000, 216.000,  85.000
S64: 378.000, 344.000,   7.000
S65: 230.000,   7.000,  24.000
S66:  19.000, 275.000,  78.000
S67:  88.000, 166.000,  11.000
S68:   6.000, 245.000,  91.000
S69: 377.000, 102.000,  23.000
S70:  24.000, 266.000,  44.000
S71:  21.000, 125.000,  16.000
S72: 310.000, 282.000,  13.000
S73:  19.000, 281.000,  13.000
S74: 288.000,  76.000,  88.000
S75: 183.000, 333.000,  33.000
S76: 169.000, 144.000,  96.000
S77:   5.000, 102.000,   6.000
S78:  55.000,  38.000,  88.000
S79:  38.000, 269.000,  17.000
S80: 387.000, 294.000,  94.000
S81: 317.000, 104.000,   8.000
S82: 301.000, 339.000,  56.000
S83: 164.000, 111.000,  22.000
S84: 376.000,  65.000,  95.000
S85: 165.000, 384.000,  87.000
S86: 129.000,  39.000,  97.000
S87: 292.000, 135.000,  99.000
S88:  54.000,  42.000,  79.000
S89: 295.000, 309.000,  42.000
S90: 357.000, 332.000,  50.000
S91: 156.000, 252.000,   7.000
S92: 224.000, 216.000,  10.000
S93: 243.000, 373.000,  12.000
S94: 286.000, 124.000,  14.000
S95: 141.000, 291.000,  73.000
S96:   7.000, 344.000,  84.000
S97: 287.000, 159.000,  13.000
S98: 318.000, 270.000,  12.000
S99: 118.000, 132.000,  45.000
S100: 142.000, 231.000,  50.000

Frequenzzuordnung:
S76->1
S43->2
S87->2
S04->3
S86->3
S74->4
S08->5
S63->5
S12->6
S15->4
S06->3
S14->6
S48->7
S88->5
S78->6
S01->1
S61->8
S26->9
S35->7
S95->2
S51->8
S80->1
S57->10
S68->1
S20->3
S84->10
S21->3
S17->8
S66->4
S62->1
S30->5
S11->1
S39->2
S89->3
S99->9
S32->7
S13->4
S82->5
S58->9
S60->10
S100->4
S55->7
S23->6
S50->5
S18->11
S24->12
S27->7
S31->13
S96->3
S85->5
S10->8
S19->8
S46->9
S53->6
S42->6
S47->7
S22->7
S90->10
S49->11
S25->10
S59->7
S34->9
S02->12
S45->11
S70->2
S29->6
S94->5
S97->1
S81->11
S69->6
S37->1
S33->6
S07->9
S03->6
S71->7
S16->8
S09->2
S36->9
S28->8
S77->3
S73->6
S52->7
S79->8
S67->5
S54->3
S40->5
S91->1
S83->4
S75->4
S92->3
S65->1
S93->3
S38->2
S72->2
S44->2
S98->4
S64->2
S41->3
S56->1
Anzahl benoetiger Frequenzen: 13
 Frequenz | Sender
=======================================================================================
    0     |  S05  
    1     |  S01  S11  S37  S56  S62  S65  S68  S76  S80  S91  S97  
    2     |  S09  S38  S39  S43  S44  S64  S70  S72  S87  S95  
    3     |  S04  S06  S20  S21  S41  S54  S77  S86  S89  S92  S93  S96  
    4     |  S13  S15  S66  S74  S75  S83  S98  S100  
    5     |  S08  S30  S40  S50  S63  S67  S82  S85  S88  S94  
    6     |  S03  S12  S14  S23  S29  S33  S42  S53  S69  S73  S78  
    7     |  S22  S27  S32  S35  S47  S48  S52  S55  S59  S71  
    8     |  S10  S16  S17  S19  S28  S51  S61  S79  
    9     |  S07  S26  S34  S36  S46  S58  S99  
    10     |  S25  S57  S60  S84  S90  
    11     |  S18  S45  S49  S81  
    12     |  S02  S24  
    13     |  S31  
